2025-02-02 09:26:00 | WARN | repo=arquillian-phantom-driver | action=commit
2025-05-03 07:34:00 | INFO | repo=arquillian-phantom-driver | action=commit
2025-06-16 07:25:00 | INFO | repo=arquillian-phantom-driver | action=commit
2025-06-07 18:27:00 | WARN | repo=arquillian-phantom-driver | action=test | passed=true
2025-07-11 09:04:00 | DEBUG | repo=arquillian-phantom-driver | action=commit
2025-10-11 18:45:00 | DEBUG | repo=arquillian-phantom-driver | action=commit
2025-05-21 19:00:00 | DEBUG | repo=arquillian-phantom-driver | action=commit
2025-03-27 16:40:00 | INFO | repo=arquillian-phantom-driver | action=edit | files=3
2025-01-25 09:08:00 | WARN | repo=arquillian-phantom-driver | action=commit
2025-10-05 08:41:00 | WARN | repo=arquillian-phantom-driver | action=edit | files=2
2025-01-20 14:39:00 | DEBUG | repo=arquillian-phantom-driver | action=commit
2025-06-09 21:34:00 | INFO | repo=arquillian-phantom-driver | action=commit
2025-08-27 19:54:00 | WARN | repo=arquillian-phantom-driver | action=commit
2025-08-05 17:59:00 | DEBUG | repo=arquillian-phantom-driver | action=commit
2025-09-21 21:02:00 | WARN | repo=arquillian-phantom-driver | action=commit
2025-03-14 10:38:00 | WARN | repo=arquillian-phantom-driver | action=edit | files=5
2025-11-20 18:14:00 | DEBUG | repo=arquillian-phantom-driver | action=pull
2025-10-10 14:08:00 | INFO | repo=arquillian-phantom-driver | action=commit
2025-01-07 18:46:00 | WARN | repo=arquillian-phantom-driver | action=commit
2025-09-08 19:39:00 | WARN | repo=arquillian-phantom-driver | action=commit
2025-07-05 11:25:00 | DEBUG | repo=arquillian-phantom-driver | action=commit
2025-05-10 14:42:00 | INFO | repo=arquillian-phantom-driver | action=commit
2025-03-21 20:16:00 | WARN | repo=arquillian-phantom-driver | action=commit
2025-11-23 13:48:00 | INFO | repo=arquillian-phantom-driver | action=commit
2025-08-21 07:05:00 | INFO | repo=arquillian-phantom-driver | action=commit
2025-06-13 17:17:00 | DEBUG | repo=arquillian-phantom-driver | action=commit
2025-05-16 15:55:00 | INFO | repo=arquillian-phantom-driver | action=commit
2025-07-03 15:30:00 | WARN | repo=arquillian-phantom-driver | action=commit
2025-09-18 09:06:00 | WARN | repo=arquillian-phantom-driver | action=commit
2025-12-24 19:12:00 | INFO | repo=arquillian-phantom-driver | action=edit | files=1
2025-02-12 11:06:00 | INFO | repo=arquillian-phantom-driver | action=edit | files=1
2025-05-27 17:21:00 | INFO | repo=arquillian-phantom-driver | action=commit
2025-02-07 07:09:00 | DEBUG | repo=arquillian-phantom-driver | action=commit
2025-07-18 08:40:00 | WARN | repo=arquillian-phantom-driver | action=commit
2025-05-27 13:28:00 | WARN | repo=arquillian-phantom-driver | action=commit
2025-06-15 17:13:00 | DEBUG | repo=arquillian-phantom-driver | action=commit
2025-05-12 14:06:00 | WARN | repo=arquillian-phantom-driver | action=commit
